// Jest Snapshot v1, https://goo.gl/fbAQLP

exports[`displays stations from state 1`] = `
<View
  style={
    Object {
      "flex": 1,
    }
  }
>
  <MapView
    onPress={[Function]}
    style={
      Object {
        "flex": 1,
      }
    }
  >
    <View>
      <Marker
        coordinate={
          Object {
            "latitude": 50,
            "longitude": 50,
          }
        }
      />
      <Marker
        coordinate={
          Object {
            "availableBikes": 1,
            "latitude": 50,
            "longitude": 60,
            "stationName": "station1",
          }
        }
        description="1 bikes available"
        onPress={[Function]}
        title="station1"
      >
        <View
          style={
            Object {
              "backgroundColor": "red",
              "borderRadius": 10,
              "height": 15,
              "width": 15,
            }
          }
        />
      </Marker>
    </View>
  </MapView>
</View>
`;
