// Jest Snapshot v1, https://goo.gl/fbAQLP

exports[`runs 1`] = `
<View
  style={
    Object {
      "flex": 1,
    }
  }
>
  <View
    style={
      Array [
        Object {
          "flex": 1,
        },
        Object {
          "alignItems": "center",
          "backgroundColor": "dodgerblue",
          "elevation": 10,
          "flexDirection": "column-reverse",
          "shadowColor": "black",
          "shadowOpacity": 100,
          "shadowRadius": 10,
        },
      ]
    }
  >
    <TextInput
      onChangeText={[Function]}
      onSubmitEditing={[Function]}
      placeholder="Where are you going?"
      placeholderTextColor="lightgray"
      returnKeyType="go"
      style={
        Object {
          "backgroundColor": "deepskyblue",
          "borderRadius": 10,
          "color": "white",
          "flex": 1,
          "fontSize": 15,
          "margin": 20,
          "maxHeight": 25,
          "padding": 5,
          "paddingLeft": 10,
          "width": "75%",
        }
      }
      underlineColorAndroid="transparent"
    />
  </View>
  <View
    style={
      Object {
        "flex": 6,
      }
    }
  >
    <View
      style={
        Object {
          "flex": 1,
        }
      }
    >
      <MapView
        onPress={[Function]}
        style={
          Object {
            "flex": 1,
          }
        }
      >
        <View>
          <Marker
            coordinate={
              Object {
                "latitude": 0,
                "latitudeDelta": 0.01,
                "longitude": 0,
                "longitudeDelta": 0.01,
              }
            }
          />
        </View>
      </MapView>
    </View>
    <View
      pointerEvents="none"
      style={
        Object {
          "display": "flex",
          "height": "100%",
          "marginRight": "10%",
          "paddingLeft": "5%",
          "paddingRight": "5%",
          "position": "absolute",
          "top": 0,
          "width": "100%",
        }
      }
    >
      <RCTScrollView
        showsVerticalScrollIndicator={false}
      >
        <View />
      </RCTScrollView>
    </View>
    <View
      style={
        Object {
          "alignItems": "center",
          "display": "flex",
          "flexDirection": "row",
          "height": "100%",
          "justifyContent": "center",
          "position": "absolute",
          "width": "100%",
        }
      }
    >
      <View
        style={
          Object {
            "alignItems": "center",
            "backgroundColor": "white",
            "borderRadius": 20,
            "bottom": 20,
            "display": "flex",
            "elevation": 5,
            "justifyContent": "center",
            "padding": 10,
            "position": "absolute",
            "width": "50%",
          }
        }
      >
        <Text
          accessible={true}
          allowFontScaling={true}
          ellipsizeMode="tail"
          style={
            Object {
              "fontSize": 30,
            }
          }
        >
          Loading...
        </Text>
      </View>
    </View>
  </View>
</View>
`;
