// Jest Snapshot v1, https://goo.gl/fbAQLP

exports[`renders a ScrollView of location cards 1`] = `
<View
  pointerEvents="auto"
  style={
    Object {
      "display": "flex",
      "height": "100%",
      "marginRight": "10%",
      "paddingLeft": "5%",
      "paddingRight": "5%",
      "position": "absolute",
      "top": 0,
      "width": "100%",
    }
  }
>
  <RCTScrollView
    showsVerticalScrollIndicator={false}
  >
    <View>
      <View
        style={
          Object {
            "backgroundColor": "white",
            "display": "flex",
            "elevation": 5,
            "flexDirection": "row",
            "height": 150,
            "margin": 5,
            "width": "100%",
          }
        }
        testId="Center on Halsted"
      >
        <View
          style={
            Object {
              "flex": 4,
              "paddingLeft": 10,
              "paddingTop": 5,
            }
          }
        >
          <View
            style={
              Object {
                "flex": 1,
              }
            }
          >
            <Text
              accessible={true}
              allowFontScaling={true}
              ellipsizeMode="tail"
              style={
                Object {
                  "fontSize": 25,
                }
              }
            >
              Center on Halsted
            </Text>
            <Text
              accessible={true}
              allowFontScaling={true}
              ellipsizeMode="tail"
              style={
                Object {
                  "bottom": 5,
                  "color": "gray",
                  "fontSize": 15,
                  "position": "absolute",
                  "width": "75%",
                }
              }
            >
              3656 North Halsted Street, Chicago
            </Text>
          </View>
        </View>
        <View
          style={
            Object {
              "alignItems": "center",
              "flex": 2,
              "justifyContent": "center",
              "padding": 15,
            }
          }
        >
          <View
            accessibilityComponentType={undefined}
            accessibilityLabel={undefined}
            accessibilityTraits={undefined}
            accessible={true}
            hitSlop={undefined}
            isTVSelectable={true}
            onLayout={undefined}
            onResponderGrant={[Function]}
            onResponderMove={[Function]}
            onResponderRelease={[Function]}
            onResponderTerminate={[Function]}
            onResponderTerminationRequest={[Function]}
            onStartShouldSetResponder={[Function]}
            style={
              Object {
                "alignItems": "center",
                "backgroundColor": "ghostwhite",
                "flex": 1,
                "height": "100%",
                "justifyContent": "center",
                "opacity": 1,
                "width": "100%",
              }
            }
            testID={undefined}
            tvParallaxProperties={undefined}
          >
            <Text
              accessible={true}
              allowFontScaling={true}
              ellipsizeMode="tail"
              style={
                Object {
                  "color": "deepskyblue",
                  "fontSize": 40,
                }
              }
            >
              GO
            </Text>
          </View>
        </View>
      </View>
      <View
        style={
          Object {
            "backgroundColor": "white",
            "display": "flex",
            "elevation": 5,
            "flexDirection": "row",
            "height": 150,
            "margin": 5,
            "width": "100%",
          }
        }
        testId="University of Chicago: Gleacher Center"
      >
        <View
          style={
            Object {
              "flex": 4,
              "paddingLeft": 10,
              "paddingTop": 5,
            }
          }
        >
          <View
            style={
              Object {
                "flex": 1,
              }
            }
          >
            <Text
              accessible={true}
              allowFontScaling={true}
              ellipsizeMode="tail"
              style={
                Object {
                  "fontSize": 25,
                }
              }
            >
              University of Chicago: Gleacher Center
            </Text>
            <Text
              accessible={true}
              allowFontScaling={true}
              ellipsizeMode="tail"
              style={
                Object {
                  "bottom": 5,
                  "color": "gray",
                  "fontSize": 15,
                  "position": "absolute",
                  "width": "75%",
                }
              }
            >
              450 North Cityfront Plaza Drive, Chicago
            </Text>
          </View>
        </View>
        <View
          style={
            Object {
              "alignItems": "center",
              "flex": 2,
              "justifyContent": "center",
              "padding": 15,
            }
          }
        >
          <View
            accessibilityComponentType={undefined}
            accessibilityLabel={undefined}
            accessibilityTraits={undefined}
            accessible={true}
            hitSlop={undefined}
            isTVSelectable={true}
            onLayout={undefined}
            onResponderGrant={[Function]}
            onResponderMove={[Function]}
            onResponderRelease={[Function]}
            onResponderTerminate={[Function]}
            onResponderTerminationRequest={[Function]}
            onStartShouldSetResponder={[Function]}
            style={
              Object {
                "alignItems": "center",
                "backgroundColor": "ghostwhite",
                "flex": 1,
                "height": "100%",
                "justifyContent": "center",
                "opacity": 1,
                "width": "100%",
              }
            }
            testID={undefined}
            tvParallaxProperties={undefined}
          >
            <Text
              accessible={true}
              allowFontScaling={true}
              ellipsizeMode="tail"
              style={
                Object {
                  "color": "deepskyblue",
                  "fontSize": 40,
                }
              }
            >
              GO
            </Text>
          </View>
        </View>
      </View>
      <View
        style={
          Object {
            "backgroundColor": "white",
            "display": "flex",
            "elevation": 5,
            "flexDirection": "row",
            "height": 150,
            "margin": 5,
            "width": "100%",
          }
        }
        testId="Hoover-Leppen Theatre"
      >
        <View
          style={
            Object {
              "flex": 4,
              "paddingLeft": 10,
              "paddingTop": 5,
            }
          }
        >
          <View
            style={
              Object {
                "flex": 1,
              }
            }
          >
            <Text
              accessible={true}
              allowFontScaling={true}
              ellipsizeMode="tail"
              style={
                Object {
                  "fontSize": 25,
                }
              }
            >
              Hoover-Leppen Theatre
            </Text>
            <Text
              accessible={true}
              allowFontScaling={true}
              ellipsizeMode="tail"
              style={
                Object {
                  "bottom": 5,
                  "color": "gray",
                  "fontSize": 15,
                  "position": "absolute",
                  "width": "75%",
                }
              }
            >
              3656 North Halsted Street, Chicago
            </Text>
          </View>
        </View>
        <View
          style={
            Object {
              "alignItems": "center",
              "flex": 2,
              "justifyContent": "center",
              "padding": 15,
            }
          }
        >
          <View
            accessibilityComponentType={undefined}
            accessibilityLabel={undefined}
            accessibilityTraits={undefined}
            accessible={true}
            hitSlop={undefined}
            isTVSelectable={true}
            onLayout={undefined}
            onResponderGrant={[Function]}
            onResponderMove={[Function]}
            onResponderRelease={[Function]}
            onResponderTerminate={[Function]}
            onResponderTerminationRequest={[Function]}
            onStartShouldSetResponder={[Function]}
            style={
              Object {
                "alignItems": "center",
                "backgroundColor": "ghostwhite",
                "flex": 1,
                "height": "100%",
                "justifyContent": "center",
                "opacity": 1,
                "width": "100%",
              }
            }
            testID={undefined}
            tvParallaxProperties={undefined}
          >
            <Text
              accessible={true}
              allowFontScaling={true}
              ellipsizeMode="tail"
              style={
                Object {
                  "color": "deepskyblue",
                  "fontSize": 40,
                }
              }
            >
              GO
            </Text>
          </View>
        </View>
      </View>
      <View
        style={
          Object {
            "backgroundColor": "white",
            "display": "flex",
            "elevation": 5,
            "flexDirection": "row",
            "height": 150,
            "margin": 5,
            "width": "100%",
          }
        }
        testId="Ravenswood Event Center"
      >
        <View
          style={
            Object {
              "flex": 4,
              "paddingLeft": 10,
              "paddingTop": 5,
            }
          }
        >
          <View
            style={
              Object {
                "flex": 1,
              }
            }
          >
            <Text
              accessible={true}
              allowFontScaling={true}
              ellipsizeMode="tail"
              style={
                Object {
                  "fontSize": 25,
                }
              }
            >
              Ravenswood Event Center
            </Text>
            <Text
              accessible={true}
              allowFontScaling={true}
              ellipsizeMode="tail"
              style={
                Object {
                  "bottom": 5,
                  "color": "gray",
                  "fontSize": 15,
                  "position": "absolute",
                  "width": "75%",
                }
              }
            >
              4011 North Ravenswood Avenue, Chicago
            </Text>
          </View>
        </View>
        <View
          style={
            Object {
              "alignItems": "center",
              "flex": 2,
              "justifyContent": "center",
              "padding": 15,
            }
          }
        >
          <View
            accessibilityComponentType={undefined}
            accessibilityLabel={undefined}
            accessibilityTraits={undefined}
            accessible={true}
            hitSlop={undefined}
            isTVSelectable={true}
            onLayout={undefined}
            onResponderGrant={[Function]}
            onResponderMove={[Function]}
            onResponderRelease={[Function]}
            onResponderTerminate={[Function]}
            onResponderTerminationRequest={[Function]}
            onStartShouldSetResponder={[Function]}
            style={
              Object {
                "alignItems": "center",
                "backgroundColor": "ghostwhite",
                "flex": 1,
                "height": "100%",
                "justifyContent": "center",
                "opacity": 1,
                "width": "100%",
              }
            }
            testID={undefined}
            tvParallaxProperties={undefined}
          >
            <Text
              accessible={true}
              allowFontScaling={true}
              ellipsizeMode="tail"
              style={
                Object {
                  "color": "deepskyblue",
                  "fontSize": 40,
                }
              }
            >
              GO
            </Text>
          </View>
        </View>
      </View>
      <View
        style={
          Object {
            "backgroundColor": "white",
            "display": "flex",
            "elevation": 5,
            "flexDirection": "row",
            "height": 150,
            "margin": 5,
            "width": "100%",
          }
        }
        testId="McCormick Place"
      >
        <View
          style={
            Object {
              "flex": 4,
              "paddingLeft": 10,
              "paddingTop": 5,
            }
          }
        >
          <View
            style={
              Object {
                "flex": 1,
              }
            }
          >
            <Text
              accessible={true}
              allowFontScaling={true}
              ellipsizeMode="tail"
              style={
                Object {
                  "fontSize": 25,
                }
              }
            >
              McCormick Place
            </Text>
            <Text
              accessible={true}
              allowFontScaling={true}
              ellipsizeMode="tail"
              style={
                Object {
                  "bottom": 5,
                  "color": "gray",
                  "fontSize": 15,
                  "position": "absolute",
                  "width": "75%",
                }
              }
            >
              2301 South King Drive, Chicago
            </Text>
          </View>
        </View>
        <View
          style={
            Object {
              "alignItems": "center",
              "flex": 2,
              "justifyContent": "center",
              "padding": 15,
            }
          }
        >
          <View
            accessibilityComponentType={undefined}
            accessibilityLabel={undefined}
            accessibilityTraits={undefined}
            accessible={true}
            hitSlop={undefined}
            isTVSelectable={true}
            onLayout={undefined}
            onResponderGrant={[Function]}
            onResponderMove={[Function]}
            onResponderRelease={[Function]}
            onResponderTerminate={[Function]}
            onResponderTerminationRequest={[Function]}
            onStartShouldSetResponder={[Function]}
            style={
              Object {
                "alignItems": "center",
                "backgroundColor": "ghostwhite",
                "flex": 1,
                "height": "100%",
                "justifyContent": "center",
                "opacity": 1,
                "width": "100%",
              }
            }
            testID={undefined}
            tvParallaxProperties={undefined}
          >
            <Text
              accessible={true}
              allowFontScaling={true}
              ellipsizeMode="tail"
              style={
                Object {
                  "color": "deepskyblue",
                  "fontSize": 40,
                }
              }
            >
              GO
            </Text>
          </View>
        </View>
      </View>
      <View
        style={
          Object {
            "backgroundColor": "white",
            "display": "flex",
            "elevation": 5,
            "flexDirection": "row",
            "height": 150,
            "margin": 5,
            "width": "100%",
          }
        }
        testId="University Center"
      >
        <View
          style={
            Object {
              "flex": 4,
              "paddingLeft": 10,
              "paddingTop": 5,
            }
          }
        >
          <View
            style={
              Object {
                "flex": 1,
              }
            }
          >
            <Text
              accessible={true}
              allowFontScaling={true}
              ellipsizeMode="tail"
              style={
                Object {
                  "fontSize": 25,
                }
              }
            >
              University Center
            </Text>
            <Text
              accessible={true}
              allowFontScaling={true}
              ellipsizeMode="tail"
              style={
                Object {
                  "bottom": 5,
                  "color": "gray",
                  "fontSize": 15,
                  "position": "absolute",
                  "width": "75%",
                }
              }
            >
              525 S State St, Chicago
            </Text>
          </View>
        </View>
        <View
          style={
            Object {
              "alignItems": "center",
              "flex": 2,
              "justifyContent": "center",
              "padding": 15,
            }
          }
        >
          <View
            accessibilityComponentType={undefined}
            accessibilityLabel={undefined}
            accessibilityTraits={undefined}
            accessible={true}
            hitSlop={undefined}
            isTVSelectable={true}
            onLayout={undefined}
            onResponderGrant={[Function]}
            onResponderMove={[Function]}
            onResponderRelease={[Function]}
            onResponderTerminate={[Function]}
            onResponderTerminationRequest={[Function]}
            onStartShouldSetResponder={[Function]}
            style={
              Object {
                "alignItems": "center",
                "backgroundColor": "ghostwhite",
                "flex": 1,
                "height": "100%",
                "justifyContent": "center",
                "opacity": 1,
                "width": "100%",
              }
            }
            testID={undefined}
            tvParallaxProperties={undefined}
          >
            <Text
              accessible={true}
              allowFontScaling={true}
              ellipsizeMode="tail"
              style={
                Object {
                  "color": "deepskyblue",
                  "fontSize": 40,
                }
              }
            >
              GO
            </Text>
          </View>
        </View>
      </View>
      <View
        style={
          Object {
            "backgroundColor": "white",
            "display": "flex",
            "elevation": 5,
            "flexDirection": "row",
            "height": 150,
            "margin": 5,
            "width": "100%",
          }
        }
        testId="United Center"
      >
        <View
          style={
            Object {
              "flex": 4,
              "paddingLeft": 10,
              "paddingTop": 5,
            }
          }
        >
          <View
            style={
              Object {
                "flex": 1,
              }
            }
          >
            <Text
              accessible={true}
              allowFontScaling={true}
              ellipsizeMode="tail"
              style={
                Object {
                  "fontSize": 25,
                }
              }
            >
              United Center
            </Text>
            <Text
              accessible={true}
              allowFontScaling={true}
              ellipsizeMode="tail"
              style={
                Object {
                  "bottom": 5,
                  "color": "gray",
                  "fontSize": 15,
                  "position": "absolute",
                  "width": "75%",
                }
              }
            >
              1901 West Madison Street, Chicago
            </Text>
          </View>
        </View>
        <View
          style={
            Object {
              "alignItems": "center",
              "flex": 2,
              "justifyContent": "center",
              "padding": 15,
            }
          }
        >
          <View
            accessibilityComponentType={undefined}
            accessibilityLabel={undefined}
            accessibilityTraits={undefined}
            accessible={true}
            hitSlop={undefined}
            isTVSelectable={true}
            onLayout={undefined}
            onResponderGrant={[Function]}
            onResponderMove={[Function]}
            onResponderRelease={[Function]}
            onResponderTerminate={[Function]}
            onResponderTerminationRequest={[Function]}
            onStartShouldSetResponder={[Function]}
            style={
              Object {
                "alignItems": "center",
                "backgroundColor": "ghostwhite",
                "flex": 1,
                "height": "100%",
                "justifyContent": "center",
                "opacity": 1,
                "width": "100%",
              }
            }
            testID={undefined}
            tvParallaxProperties={undefined}
          >
            <Text
              accessible={true}
              allowFontScaling={true}
              ellipsizeMode="tail"
              style={
                Object {
                  "color": "deepskyblue",
                  "fontSize": 40,
                }
              }
            >
              GO
            </Text>
          </View>
        </View>
      </View>
      <View
        style={
          Object {
            "backgroundColor": "white",
            "display": "flex",
            "elevation": 5,
            "flexDirection": "row",
            "height": 150,
            "margin": 5,
            "width": "100%",
          }
        }
        testId="Chicago Symphony Center"
      >
        <View
          style={
            Object {
              "flex": 4,
              "paddingLeft": 10,
              "paddingTop": 5,
            }
          }
        >
          <View
            style={
              Object {
                "flex": 1,
              }
            }
          >
            <Text
              accessible={true}
              allowFontScaling={true}
              ellipsizeMode="tail"
              style={
                Object {
                  "fontSize": 25,
                }
              }
            >
              Chicago Symphony Center
            </Text>
            <Text
              accessible={true}
              allowFontScaling={true}
              ellipsizeMode="tail"
              style={
                Object {
                  "bottom": 5,
                  "color": "gray",
                  "fontSize": 15,
                  "position": "absolute",
                  "width": "75%",
                }
              }
            >
              220 South Michigan Avenue, Chicago
            </Text>
          </View>
        </View>
        <View
          style={
            Object {
              "alignItems": "center",
              "flex": 2,
              "justifyContent": "center",
              "padding": 15,
            }
          }
        >
          <View
            accessibilityComponentType={undefined}
            accessibilityLabel={undefined}
            accessibilityTraits={undefined}
            accessible={true}
            hitSlop={undefined}
            isTVSelectable={true}
            onLayout={undefined}
            onResponderGrant={[Function]}
            onResponderMove={[Function]}
            onResponderRelease={[Function]}
            onResponderTerminate={[Function]}
            onResponderTerminationRequest={[Function]}
            onStartShouldSetResponder={[Function]}
            style={
              Object {
                "alignItems": "center",
                "backgroundColor": "ghostwhite",
                "flex": 1,
                "height": "100%",
                "justifyContent": "center",
                "opacity": 1,
                "width": "100%",
              }
            }
            testID={undefined}
            tvParallaxProperties={undefined}
          >
            <Text
              accessible={true}
              allowFontScaling={true}
              ellipsizeMode="tail"
              style={
                Object {
                  "color": "deepskyblue",
                  "fontSize": 40,
                }
              }
            >
              GO
            </Text>
          </View>
        </View>
      </View>
      <View
        style={
          Object {
            "backgroundColor": "white",
            "display": "flex",
            "elevation": 5,
            "flexDirection": "row",
            "height": 150,
            "margin": 5,
            "width": "100%",
          }
        }
        testId="Gene Siskel Film Center"
      >
        <View
          style={
            Object {
              "flex": 4,
              "paddingLeft": 10,
              "paddingTop": 5,
            }
          }
        >
          <View
            style={
              Object {
                "flex": 1,
              }
            }
          >
            <Text
              accessible={true}
              allowFontScaling={true}
              ellipsizeMode="tail"
              style={
                Object {
                  "fontSize": 25,
                }
              }
            >
              Gene Siskel Film Center
            </Text>
            <Text
              accessible={true}
              allowFontScaling={true}
              ellipsizeMode="tail"
              style={
                Object {
                  "bottom": 5,
                  "color": "gray",
                  "fontSize": 15,
                  "position": "absolute",
                  "width": "75%",
                }
              }
            >
              164 North State Street, Chicago
            </Text>
          </View>
        </View>
        <View
          style={
            Object {
              "alignItems": "center",
              "flex": 2,
              "justifyContent": "center",
              "padding": 15,
            }
          }
        >
          <View
            accessibilityComponentType={undefined}
            accessibilityLabel={undefined}
            accessibilityTraits={undefined}
            accessible={true}
            hitSlop={undefined}
            isTVSelectable={true}
            onLayout={undefined}
            onResponderGrant={[Function]}
            onResponderMove={[Function]}
            onResponderRelease={[Function]}
            onResponderTerminate={[Function]}
            onResponderTerminationRequest={[Function]}
            onStartShouldSetResponder={[Function]}
            style={
              Object {
                "alignItems": "center",
                "backgroundColor": "ghostwhite",
                "flex": 1,
                "height": "100%",
                "justifyContent": "center",
                "opacity": 1,
                "width": "100%",
              }
            }
            testID={undefined}
            tvParallaxProperties={undefined}
          >
            <Text
              accessible={true}
              allowFontScaling={true}
              ellipsizeMode="tail"
              style={
                Object {
                  "color": "deepskyblue",
                  "fontSize": 40,
                }
              }
            >
              GO
            </Text>
          </View>
        </View>
      </View>
      <View
        style={
          Object {
            "backgroundColor": "white",
            "display": "flex",
            "elevation": 5,
            "flexDirection": "row",
            "height": 150,
            "margin": 5,
            "width": "100%",
          }
        }
        testId="Intuit: The Center for Intuitive and Outsider Art"
      >
        <View
          style={
            Object {
              "flex": 4,
              "paddingLeft": 10,
              "paddingTop": 5,
            }
          }
        >
          <View
            style={
              Object {
                "flex": 1,
              }
            }
          >
            <Text
              accessible={true}
              allowFontScaling={true}
              ellipsizeMode="tail"
              style={
                Object {
                  "fontSize": 25,
                }
              }
            >
              Intuit: The Center for Intuitive and Outsider Art
            </Text>
            <Text
              accessible={true}
              allowFontScaling={true}
              ellipsizeMode="tail"
              style={
                Object {
                  "bottom": 5,
                  "color": "gray",
                  "fontSize": 15,
                  "position": "absolute",
                  "width": "75%",
                }
              }
            >
              756 North Milwaukee Avenue, Chicago
            </Text>
          </View>
        </View>
        <View
          style={
            Object {
              "alignItems": "center",
              "flex": 2,
              "justifyContent": "center",
              "padding": 15,
            }
          }
        >
          <View
            accessibilityComponentType={undefined}
            accessibilityLabel={undefined}
            accessibilityTraits={undefined}
            accessible={true}
            hitSlop={undefined}
            isTVSelectable={true}
            onLayout={undefined}
            onResponderGrant={[Function]}
            onResponderMove={[Function]}
            onResponderRelease={[Function]}
            onResponderTerminate={[Function]}
            onResponderTerminationRequest={[Function]}
            onStartShouldSetResponder={[Function]}
            style={
              Object {
                "alignItems": "center",
                "backgroundColor": "ghostwhite",
                "flex": 1,
                "height": "100%",
                "justifyContent": "center",
                "opacity": 1,
                "width": "100%",
              }
            }
            testID={undefined}
            tvParallaxProperties={undefined}
          >
            <Text
              accessible={true}
              allowFontScaling={true}
              ellipsizeMode="tail"
              style={
                Object {
                  "color": "deepskyblue",
                  "fontSize": 40,
                }
              }
            >
              GO
            </Text>
          </View>
        </View>
      </View>
      <View
        style={
          Object {
            "backgroundColor": "white",
            "display": "flex",
            "elevation": 5,
            "flexDirection": "row",
            "height": 150,
            "margin": 5,
            "width": "100%",
          }
        }
        testId="Japanese Culture Center"
      >
        <View
          style={
            Object {
              "flex": 4,
              "paddingLeft": 10,
              "paddingTop": 5,
            }
          }
        >
          <View
            style={
              Object {
                "flex": 1,
              }
            }
          >
            <Text
              accessible={true}
              allowFontScaling={true}
              ellipsizeMode="tail"
              style={
                Object {
                  "fontSize": 25,
                }
              }
            >
              Japanese Culture Center
            </Text>
            <Text
              accessible={true}
              allowFontScaling={true}
              ellipsizeMode="tail"
              style={
                Object {
                  "bottom": 5,
                  "color": "gray",
                  "fontSize": 15,
                  "position": "absolute",
                  "width": "75%",
                }
              }
            >
              1016 West Belmont Avenue, Chicago
            </Text>
          </View>
        </View>
        <View
          style={
            Object {
              "alignItems": "center",
              "flex": 2,
              "justifyContent": "center",
              "padding": 15,
            }
          }
        >
          <View
            accessibilityComponentType={undefined}
            accessibilityLabel={undefined}
            accessibilityTraits={undefined}
            accessible={true}
            hitSlop={undefined}
            isTVSelectable={true}
            onLayout={undefined}
            onResponderGrant={[Function]}
            onResponderMove={[Function]}
            onResponderRelease={[Function]}
            onResponderTerminate={[Function]}
            onResponderTerminationRequest={[Function]}
            onStartShouldSetResponder={[Function]}
            style={
              Object {
                "alignItems": "center",
                "backgroundColor": "ghostwhite",
                "flex": 1,
                "height": "100%",
                "justifyContent": "center",
                "opacity": 1,
                "width": "100%",
              }
            }
            testID={undefined}
            tvParallaxProperties={undefined}
          >
            <Text
              accessible={true}
              allowFontScaling={true}
              ellipsizeMode="tail"
              style={
                Object {
                  "color": "deepskyblue",
                  "fontSize": 40,
                }
              }
            >
              GO
            </Text>
          </View>
        </View>
      </View>
      <View
        style={
          Object {
            "backgroundColor": "white",
            "display": "flex",
            "elevation": 5,
            "flexDirection": "row",
            "height": 150,
            "margin": 5,
            "width": "100%",
          }
        }
        testId="Lawndale Christian Fitness Center"
      >
        <View
          style={
            Object {
              "flex": 4,
              "paddingLeft": 10,
              "paddingTop": 5,
            }
          }
        >
          <View
            style={
              Object {
                "flex": 1,
              }
            }
          >
            <Text
              accessible={true}
              allowFontScaling={true}
              ellipsizeMode="tail"
              style={
                Object {
                  "fontSize": 25,
                }
              }
            >
              Lawndale Christian Fitness Center
            </Text>
            <Text
              accessible={true}
              allowFontScaling={true}
              ellipsizeMode="tail"
              style={
                Object {
                  "bottom": 5,
                  "color": "gray",
                  "fontSize": 15,
                  "position": "absolute",
                  "width": "75%",
                }
              }
            >
              3750 Ogden Avenue, Chicago
            </Text>
          </View>
        </View>
        <View
          style={
            Object {
              "alignItems": "center",
              "flex": 2,
              "justifyContent": "center",
              "padding": 15,
            }
          }
        >
          <View
            accessibilityComponentType={undefined}
            accessibilityLabel={undefined}
            accessibilityTraits={undefined}
            accessible={true}
            hitSlop={undefined}
            isTVSelectable={true}
            onLayout={undefined}
            onResponderGrant={[Function]}
            onResponderMove={[Function]}
            onResponderRelease={[Function]}
            onResponderTerminate={[Function]}
            onResponderTerminationRequest={[Function]}
            onStartShouldSetResponder={[Function]}
            style={
              Object {
                "alignItems": "center",
                "backgroundColor": "ghostwhite",
                "flex": 1,
                "height": "100%",
                "justifyContent": "center",
                "opacity": 1,
                "width": "100%",
              }
            }
            testID={undefined}
            tvParallaxProperties={undefined}
          >
            <Text
              accessible={true}
              allowFontScaling={true}
              ellipsizeMode="tail"
              style={
                Object {
                  "color": "deepskyblue",
                  "fontSize": 40,
                }
              }
            >
              GO
            </Text>
          </View>
        </View>
      </View>
      <View
        style={
          Object {
            "backgroundColor": "white",
            "display": "flex",
            "elevation": 5,
            "flexDirection": "row",
            "height": 150,
            "margin": 5,
            "width": "100%",
          }
        }
        testId="Jesse White Community Center Park"
      >
        <View
          style={
            Object {
              "flex": 4,
              "paddingLeft": 10,
              "paddingTop": 5,
            }
          }
        >
          <View
            style={
              Object {
                "flex": 1,
              }
            }
          >
            <Text
              accessible={true}
              allowFontScaling={true}
              ellipsizeMode="tail"
              style={
                Object {
                  "fontSize": 25,
                }
              }
            >
              Jesse White Community Center Park
            </Text>
            <Text
              accessible={true}
              allowFontScaling={true}
              ellipsizeMode="tail"
              style={
                Object {
                  "bottom": 5,
                  "color": "gray",
                  "fontSize": 15,
                  "position": "absolute",
                  "width": "75%",
                }
              }
            >
              410-412 West Chicago Avenue, Chicago
            </Text>
          </View>
        </View>
        <View
          style={
            Object {
              "alignItems": "center",
              "flex": 2,
              "justifyContent": "center",
              "padding": 15,
            }
          }
        >
          <View
            accessibilityComponentType={undefined}
            accessibilityLabel={undefined}
            accessibilityTraits={undefined}
            accessible={true}
            hitSlop={undefined}
            isTVSelectable={true}
            onLayout={undefined}
            onResponderGrant={[Function]}
            onResponderMove={[Function]}
            onResponderRelease={[Function]}
            onResponderTerminate={[Function]}
            onResponderTerminationRequest={[Function]}
            onStartShouldSetResponder={[Function]}
            style={
              Object {
                "alignItems": "center",
                "backgroundColor": "ghostwhite",
                "flex": 1,
                "height": "100%",
                "justifyContent": "center",
                "opacity": 1,
                "width": "100%",
              }
            }
            testID={undefined}
            tvParallaxProperties={undefined}
          >
            <Text
              accessible={true}
              allowFontScaling={true}
              ellipsizeMode="tail"
              style={
                Object {
                  "color": "deepskyblue",
                  "fontSize": 40,
                }
              }
            >
              GO
            </Text>
          </View>
        </View>
      </View>
      <View
        style={
          Object {
            "backgroundColor": "white",
            "display": "flex",
            "elevation": 5,
            "flexDirection": "row",
            "height": 150,
            "margin": 5,
            "width": "100%",
          }
        }
        testId="Bodhi Spiritual Center"
      >
        <View
          style={
            Object {
              "flex": 4,
              "paddingLeft": 10,
              "paddingTop": 5,
            }
          }
        >
          <View
            style={
              Object {
                "flex": 1,
              }
            }
          >
            <Text
              accessible={true}
              allowFontScaling={true}
              ellipsizeMode="tail"
              style={
                Object {
                  "fontSize": 25,
                }
              }
            >
              Bodhi Spiritual Center
            </Text>
            <Text
              accessible={true}
              allowFontScaling={true}
              ellipsizeMode="tail"
              style={
                Object {
                  "bottom": 5,
                  "color": "gray",
                  "fontSize": 15,
                  "position": "absolute",
                  "width": "75%",
                }
              }
            >
              1012 North Noble Street, Chicago
            </Text>
          </View>
        </View>
        <View
          style={
            Object {
              "alignItems": "center",
              "flex": 2,
              "justifyContent": "center",
              "padding": 15,
            }
          }
        >
          <View
            accessibilityComponentType={undefined}
            accessibilityLabel={undefined}
            accessibilityTraits={undefined}
            accessible={true}
            hitSlop={undefined}
            isTVSelectable={true}
            onLayout={undefined}
            onResponderGrant={[Function]}
            onResponderMove={[Function]}
            onResponderRelease={[Function]}
            onResponderTerminate={[Function]}
            onResponderTerminationRequest={[Function]}
            onStartShouldSetResponder={[Function]}
            style={
              Object {
                "alignItems": "center",
                "backgroundColor": "ghostwhite",
                "flex": 1,
                "height": "100%",
                "justifyContent": "center",
                "opacity": 1,
                "width": "100%",
              }
            }
            testID={undefined}
            tvParallaxProperties={undefined}
          >
            <Text
              accessible={true}
              allowFontScaling={true}
              ellipsizeMode="tail"
              style={
                Object {
                  "color": "deepskyblue",
                  "fontSize": 40,
                }
              }
            >
              GO
            </Text>
          </View>
        </View>
      </View>
      <View
        style={
          Object {
            "backgroundColor": "white",
            "display": "flex",
            "elevation": 5,
            "flexDirection": "row",
            "height": 150,
            "margin": 5,
            "width": "100%",
          }
        }
        testId="Illini Center"
      >
        <View
          style={
            Object {
              "flex": 4,
              "paddingLeft": 10,
              "paddingTop": 5,
            }
          }
        >
          <View
            style={
              Object {
                "flex": 1,
              }
            }
          >
            <Text
              accessible={true}
              allowFontScaling={true}
              ellipsizeMode="tail"
              style={
                Object {
                  "fontSize": 25,
                }
              }
            >
              Illini Center
            </Text>
            <Text
              accessible={true}
              allowFontScaling={true}
              ellipsizeMode="tail"
              style={
                Object {
                  "bottom": 5,
                  "color": "gray",
                  "fontSize": 15,
                  "position": "absolute",
                  "width": "75%",
                }
              }
            >
              200 South Wacker Drive, Chicago
            </Text>
          </View>
        </View>
        <View
          style={
            Object {
              "alignItems": "center",
              "flex": 2,
              "justifyContent": "center",
              "padding": 15,
            }
          }
        >
          <View
            accessibilityComponentType={undefined}
            accessibilityLabel={undefined}
            accessibilityTraits={undefined}
            accessible={true}
            hitSlop={undefined}
            isTVSelectable={true}
            onLayout={undefined}
            onResponderGrant={[Function]}
            onResponderMove={[Function]}
            onResponderRelease={[Function]}
            onResponderTerminate={[Function]}
            onResponderTerminationRequest={[Function]}
            onStartShouldSetResponder={[Function]}
            style={
              Object {
                "alignItems": "center",
                "backgroundColor": "ghostwhite",
                "flex": 1,
                "height": "100%",
                "justifyContent": "center",
                "opacity": 1,
                "width": "100%",
              }
            }
            testID={undefined}
            tvParallaxProperties={undefined}
          >
            <Text
              accessible={true}
              allowFontScaling={true}
              ellipsizeMode="tail"
              style={
                Object {
                  "color": "deepskyblue",
                  "fontSize": 40,
                }
              }
            >
              GO
            </Text>
          </View>
        </View>
      </View>
      <View
        style={
          Object {
            "backgroundColor": "white",
            "display": "flex",
            "elevation": 5,
            "flexDirection": "row",
            "height": 150,
            "margin": 5,
            "width": "100%",
          }
        }
        testId="Summit Executive Center"
      >
        <View
          style={
            Object {
              "flex": 4,
              "paddingLeft": 10,
              "paddingTop": 5,
            }
          }
        >
          <View
            style={
              Object {
                "flex": 1,
              }
            }
          >
            <Text
              accessible={true}
              allowFontScaling={true}
              ellipsizeMode="tail"
              style={
                Object {
                  "fontSize": 25,
                }
              }
            >
              Summit Executive Center
            </Text>
            <Text
              accessible={true}
              allowFontScaling={true}
              ellipsizeMode="tail"
              style={
                Object {
                  "bottom": 5,
                  "color": "gray",
                  "fontSize": 15,
                  "position": "absolute",
                  "width": "75%",
                }
              }
            >
              205 N Michigan Ave 10th Floor, Chicago
            </Text>
          </View>
        </View>
        <View
          style={
            Object {
              "alignItems": "center",
              "flex": 2,
              "justifyContent": "center",
              "padding": 15,
            }
          }
        >
          <View
            accessibilityComponentType={undefined}
            accessibilityLabel={undefined}
            accessibilityTraits={undefined}
            accessible={true}
            hitSlop={undefined}
            isTVSelectable={true}
            onLayout={undefined}
            onResponderGrant={[Function]}
            onResponderMove={[Function]}
            onResponderRelease={[Function]}
            onResponderTerminate={[Function]}
            onResponderTerminationRequest={[Function]}
            onStartShouldSetResponder={[Function]}
            style={
              Object {
                "alignItems": "center",
                "backgroundColor": "ghostwhite",
                "flex": 1,
                "height": "100%",
                "justifyContent": "center",
                "opacity": 1,
                "width": "100%",
              }
            }
            testID={undefined}
            tvParallaxProperties={undefined}
          >
            <Text
              accessible={true}
              allowFontScaling={true}
              ellipsizeMode="tail"
              style={
                Object {
                  "color": "deepskyblue",
                  "fontSize": 40,
                }
              }
            >
              GO
            </Text>
          </View>
        </View>
      </View>
      <View
        style={
          Object {
            "backgroundColor": "white",
            "display": "flex",
            "elevation": 5,
            "flexDirection": "row",
            "height": 150,
            "margin": 5,
            "width": "100%",
          }
        }
        testId="Aloft Chicago City Center"
      >
        <View
          style={
            Object {
              "flex": 4,
              "paddingLeft": 10,
              "paddingTop": 5,
            }
          }
        >
          <View
            style={
              Object {
                "flex": 1,
              }
            }
          >
            <Text
              accessible={true}
              allowFontScaling={true}
              ellipsizeMode="tail"
              style={
                Object {
                  "fontSize": 25,
                }
              }
            >
              Aloft Chicago City Center
            </Text>
            <Text
              accessible={true}
              allowFontScaling={true}
              ellipsizeMode="tail"
              style={
                Object {
                  "bottom": 5,
                  "color": "gray",
                  "fontSize": 15,
                  "position": "absolute",
                  "width": "75%",
                }
              }
            >
              515 North Clark Street, Chicago
            </Text>
          </View>
        </View>
        <View
          style={
            Object {
              "alignItems": "center",
              "flex": 2,
              "justifyContent": "center",
              "padding": 15,
            }
          }
        >
          <View
            accessibilityComponentType={undefined}
            accessibilityLabel={undefined}
            accessibilityTraits={undefined}
            accessible={true}
            hitSlop={undefined}
            isTVSelectable={true}
            onLayout={undefined}
            onResponderGrant={[Function]}
            onResponderMove={[Function]}
            onResponderRelease={[Function]}
            onResponderTerminate={[Function]}
            onResponderTerminationRequest={[Function]}
            onStartShouldSetResponder={[Function]}
            style={
              Object {
                "alignItems": "center",
                "backgroundColor": "ghostwhite",
                "flex": 1,
                "height": "100%",
                "justifyContent": "center",
                "opacity": 1,
                "width": "100%",
              }
            }
            testID={undefined}
            tvParallaxProperties={undefined}
          >
            <Text
              accessible={true}
              allowFontScaling={true}
              ellipsizeMode="tail"
              style={
                Object {
                  "color": "deepskyblue",
                  "fontSize": 40,
                }
              }
            >
              GO
            </Text>
          </View>
        </View>
      </View>
      <View
        style={
          Object {
            "backgroundColor": "white",
            "display": "flex",
            "elevation": 5,
            "flexDirection": "row",
            "height": 150,
            "margin": 5,
            "width": "100%",
          }
        }
        testId="Chicago Cultural Center"
      >
        <View
          style={
            Object {
              "flex": 4,
              "paddingLeft": 10,
              "paddingTop": 5,
            }
          }
        >
          <View
            style={
              Object {
                "flex": 1,
              }
            }
          >
            <Text
              accessible={true}
              allowFontScaling={true}
              ellipsizeMode="tail"
              style={
                Object {
                  "fontSize": 25,
                }
              }
            >
              Chicago Cultural Center
            </Text>
            <Text
              accessible={true}
              allowFontScaling={true}
              ellipsizeMode="tail"
              style={
                Object {
                  "bottom": 5,
                  "color": "gray",
                  "fontSize": 15,
                  "position": "absolute",
                  "width": "75%",
                }
              }
            >
              78 East Washington Street, Chicago
            </Text>
          </View>
        </View>
        <View
          style={
            Object {
              "alignItems": "center",
              "flex": 2,
              "justifyContent": "center",
              "padding": 15,
            }
          }
        >
          <View
            accessibilityComponentType={undefined}
            accessibilityLabel={undefined}
            accessibilityTraits={undefined}
            accessible={true}
            hitSlop={undefined}
            isTVSelectable={true}
            onLayout={undefined}
            onResponderGrant={[Function]}
            onResponderMove={[Function]}
            onResponderRelease={[Function]}
            onResponderTerminate={[Function]}
            onResponderTerminationRequest={[Function]}
            onStartShouldSetResponder={[Function]}
            style={
              Object {
                "alignItems": "center",
                "backgroundColor": "ghostwhite",
                "flex": 1,
                "height": "100%",
                "justifyContent": "center",
                "opacity": 1,
                "width": "100%",
              }
            }
            testID={undefined}
            tvParallaxProperties={undefined}
          >
            <Text
              accessible={true}
              allowFontScaling={true}
              ellipsizeMode="tail"
              style={
                Object {
                  "color": "deepskyblue",
                  "fontSize": 40,
                }
              }
            >
              GO
            </Text>
          </View>
        </View>
      </View>
      <View
        style={
          Object {
            "backgroundColor": "white",
            "display": "flex",
            "elevation": 5,
            "flexDirection": "row",
            "height": 150,
            "margin": 5,
            "width": "100%",
          }
        }
        testId="Chicago Latino Film Festival"
      >
        <View
          style={
            Object {
              "flex": 4,
              "paddingLeft": 10,
              "paddingTop": 5,
            }
          }
        >
          <View
            style={
              Object {
                "flex": 1,
              }
            }
          >
            <Text
              accessible={true}
              allowFontScaling={true}
              ellipsizeMode="tail"
              style={
                Object {
                  "fontSize": 25,
                }
              }
            >
              Chicago Latino Film Festival
            </Text>
            <Text
              accessible={true}
              allowFontScaling={true}
              ellipsizeMode="tail"
              style={
                Object {
                  "bottom": 5,
                  "color": "gray",
                  "fontSize": 15,
                  "position": "absolute",
                  "width": "75%",
                }
              }
            >
              676 North LaSalle Drive, Chicago
            </Text>
          </View>
        </View>
        <View
          style={
            Object {
              "alignItems": "center",
              "flex": 2,
              "justifyContent": "center",
              "padding": 15,
            }
          }
        >
          <View
            accessibilityComponentType={undefined}
            accessibilityLabel={undefined}
            accessibilityTraits={undefined}
            accessible={true}
            hitSlop={undefined}
            isTVSelectable={true}
            onLayout={undefined}
            onResponderGrant={[Function]}
            onResponderMove={[Function]}
            onResponderRelease={[Function]}
            onResponderTerminate={[Function]}
            onResponderTerminationRequest={[Function]}
            onStartShouldSetResponder={[Function]}
            style={
              Object {
                "alignItems": "center",
                "backgroundColor": "ghostwhite",
                "flex": 1,
                "height": "100%",
                "justifyContent": "center",
                "opacity": 1,
                "width": "100%",
              }
            }
            testID={undefined}
            tvParallaxProperties={undefined}
          >
            <Text
              accessible={true}
              allowFontScaling={true}
              ellipsizeMode="tail"
              style={
                Object {
                  "color": "deepskyblue",
                  "fontSize": 40,
                }
              }
            >
              GO
            </Text>
          </View>
        </View>
      </View>
      <View
        style={
          Object {
            "backgroundColor": "white",
            "display": "flex",
            "elevation": 5,
            "flexDirection": "row",
            "height": 150,
            "margin": 5,
            "width": "100%",
          }
        }
        testId="Conference Chicago"
      >
        <View
          style={
            Object {
              "flex": 4,
              "paddingLeft": 10,
              "paddingTop": 5,
            }
          }
        >
          <View
            style={
              Object {
                "flex": 1,
              }
            }
          >
            <Text
              accessible={true}
              allowFontScaling={true}
              ellipsizeMode="tail"
              style={
                Object {
                  "fontSize": 25,
                }
              }
            >
              Conference Chicago
            </Text>
            <Text
              accessible={true}
              allowFontScaling={true}
              ellipsizeMode="tail"
              style={
                Object {
                  "bottom": 5,
                  "color": "gray",
                  "fontSize": 15,
                  "position": "absolute",
                  "width": "75%",
                }
              }
            >
              525 South State Street, Chicago
            </Text>
          </View>
        </View>
        <View
          style={
            Object {
              "alignItems": "center",
              "flex": 2,
              "justifyContent": "center",
              "padding": 15,
            }
          }
        >
          <View
            accessibilityComponentType={undefined}
            accessibilityLabel={undefined}
            accessibilityTraits={undefined}
            accessible={true}
            hitSlop={undefined}
            isTVSelectable={true}
            onLayout={undefined}
            onResponderGrant={[Function]}
            onResponderMove={[Function]}
            onResponderRelease={[Function]}
            onResponderTerminate={[Function]}
            onResponderTerminationRequest={[Function]}
            onStartShouldSetResponder={[Function]}
            style={
              Object {
                "alignItems": "center",
                "backgroundColor": "ghostwhite",
                "flex": 1,
                "height": "100%",
                "justifyContent": "center",
                "opacity": 1,
                "width": "100%",
              }
            }
            testID={undefined}
            tvParallaxProperties={undefined}
          >
            <Text
              accessible={true}
              allowFontScaling={true}
              ellipsizeMode="tail"
              style={
                Object {
                  "color": "deepskyblue",
                  "fontSize": 40,
                }
              }
            >
              GO
            </Text>
          </View>
        </View>
      </View>
    </View>
  </RCTScrollView>
</View>
`;
